node : (node:21284) ExperimentalWarning: VM Modules is an experimental feature and might change at any time
At line:1 char:1
+ node --experimental-vm-modules node_modules/jest/bin/jest.js --verbos ...
+ ~~~~~~~~~~~~~~~~~~~~~~~~~~~~~~~~~~~~~~~~~~~~~~~~~~~~~~~~~~~~~~~~~~~~~
    + CategoryInfo          : NotSpecified: ((node:21284) Ex...nge at any time:String) [], RemoteException
    + FullyQualifiedErrorId : NativeCommandError
 
(Use `node --trace-warnings ...` to show where the warning was created)
PASS tests/order.test.js
  Checkout Tax & Financial Computations
    ΓêÜ should calculate an 8.8% tax for high-tax states like NY (4 ms)
    ΓêÜ should calculate an 8.8% tax for high-tax states like CA (4 ms)
    ΓêÜ should calculate a default 6.5% tax for unlisted states
    ΓêÜ should handle 0 subtotal correctly without NaN errors

(node:20668) ExperimentalWarning: VM Modules is an experimental feature and might change at any time
(Use `node --trace-warnings ...` to show where the warning was created)
PASS tests/auth.test.js
  Auth Business Logic & Tokens
    ΓêÜ should hash passwords before saving (116 ms)
    ΓêÜ should correctly sign and verify a short-lived Access Token (3 ms)
    ΓêÜ should fail to verify a token signed with the wrong secret (3 ms)

  console.log
    ΓÜí Socket.io initialized

      at initSocket (utils/socket.js:40:13)

(node:21192) ExperimentalWarning: VM Modules is an experimental feature and might change at any time
(Use `node --trace-warnings ...` to show where the warning was created)
  console.log
    ≡ƒÜÇ BiteBlitz server started on port: 0

      at Server.<anonymous> (server.js:59:11)

  console.log
    ≡ƒôª Database: InsForge PostgreSQL

      at Server.<anonymous> (server.js:60:11)

  console.log
    ≡ƒôÜ API Docs: http://localhost:0/api-docs

      at Server.<anonymous> (server.js:61:11)

  console.error
    placeOrder error: TypeError: insforge.database.from(...).select(...).eq(...).single is not a function
        at placeNewOrder (D:\final\Food-Delivery-main\backend\services\orderService.js:51:6)
        at placeOrder (D:\final\Food-Delivery-main\backend\controllers\orderController.js:32:26)
        at Layer.handle [as handle_request] (D:\final\Food-Delivery-main\backend\node_modules\express\lib\router\layer.js:95:5)
        at next (D:\final\Food-Delivery-main\backend\node_modules\express\lib\router\route.js:149:13)
        at handleValidationErrors (D:\final\Food-Delivery-main\backend\middleware\validate.js:14:5)
        at Layer.handle [as handle_request] (D:\final\Food-Delivery-main\backend\node_modules\express\lib\router\layer.js:95:5)
        at next (D:\final\Food-Delivery-main\backend\node_modules\express\lib\router\route.js:149:13)
        at middleware (D:\final\Food-Delivery-main\backend\node_modules\express-validator\lib\middlewares\check.js:16:13)
        at processTicksAndRejections (node:internal/process/task_queues:103:5)

    [0m [90m 36 |[39m     res[33m.[39mjson({ success[33m:[39m [36mtrue[39m[33m,[39m session_url[33m:[39m result[33m.[39msession_url })[33m;[39m
     [90m 37 |[39m   } [36mcatch[39m (error) {
    [31m[1m>[22m[39m[90m 38 |[39m     console[33m.[39merror([32m"placeOrder error:"[39m[33m,[39m error)[33m;[39m
     [90m    |[39m             [31m[1m^[22m[39m
     [90m 39 |[39m     handleServiceError(res[33m,[39m error[33m,[39m [32m"Error placing order"[39m)[33m;[39m
     [90m 40 |[39m   }
     [90m 41 |[39m }[33m;[39m[0m

      at placeOrder (controllers/orderController.js:38:13)

  console.error
    placeOrder error: TypeError: insforge.database.from(...).select(...).eq(...).single is not a function
        at placeNewOrder (D:\final\Food-Delivery-main\backend\services\orderService.js:51:6)
        at placeOrder (D:\final\Food-Delivery-main\backend\controllers\orderController.js:32:26)
        at Layer.handle [as handle_request] (D:\final\Food-Delivery-main\backend\node_modules\express\lib\router\layer.js:95:5)
        at next (D:\final\Food-Delivery-main\backend\node_modules\express\lib\router\route.js:149:13)
        at handleValidationErrors (D:\final\Food-Delivery-main\backend\middleware\validate.js:14:5)
        at Layer.handle [as handle_request] (D:\final\Food-Delivery-main\backend\node_modules\express\lib\router\layer.js:95:5)
        at next (D:\final\Food-Delivery-main\backend\node_modules\express\lib\router\route.js:149:13)
        at middleware (D:\final\Food-Delivery-main\backend\node_modules\express-validator\lib\middlewares\check.js:16:13)
        at processTicksAndRejections (node:internal/process/task_queues:103:5)

    [0m [90m 36 |[39m     res[33m.[39mjson({ success[33m:[39m [36mtrue[39m[33m,[39m session_url[33m:[39m result[33m.[39msession_url })[33m;[39m
     [90m 37 |[39m   } [36mcatch[39m (error) {
    [31m[1m>[22m[39m[90m 38 |[39m     console[33m.[39merror([32m"placeOrder error:"[39m[33m,[39m error)[33m;[39m
     [90m    |[39m             [31m[1m^[22m[39m
     [90m 39 |[39m     handleServiceError(res[33m,[39m error[33m,[39m [32m"Error placing order"[39m)[33m;[39m
     [90m 40 |[39m   }
     [90m 41 |[39m }[33m;[39m[0m

      at placeOrder (controllers/orderController.js:38:13)

  console.error
    placeOrder error: TypeError: insforge.database.from(...).select(...).eq(...).single is not a function
        at placeNewOrder (D:\final\Food-Delivery-main\backend\services\orderService.js:51:6)
        at placeOrder (D:\final\Food-Delivery-main\backend\controllers\orderController.js:32:26)
        at Layer.handle [as handle_request] (D:\final\Food-Delivery-main\backend\node_modules\express\lib\router\layer.js:95:5)
        at next (D:\final\Food-Delivery-main\backend\node_modules\express\lib\router\route.js:149:13)
        at handleValidationErrors (D:\final\Food-Delivery-main\backend\middleware\validate.js:14:5)
        at Layer.handle [as handle_request] (D:\final\Food-Delivery-main\backend\node_modules\express\lib\router\layer.js:95:5)
        at next (D:\final\Food-Delivery-main\backend\node_modules\express\lib\router\route.js:149:13)
        at middleware (D:\final\Food-Delivery-main\backend\node_modules\express-validator\lib\middlewares\check.js:16:13)
        at processTicksAndRejections (node:internal/process/task_queues:103:5)

    [0m [90m 36 |[39m     res[33m.[39mjson({ success[33m:[39m [36mtrue[39m[33m,[39m session_url[33m:[39m result[33m.[39msession_url })[33m;[39m
     [90m 37 |[39m   } [36mcatch[39m (error) {
    [31m[1m>[22m[39m[90m 38 |[39m     console[33m.[39merror([32m"placeOrder error:"[39m[33m,[39m error)[33m;[39m
     [90m    |[39m             [31m[1m^[22m[39m
     [90m 39 |[39m     handleServiceError(res[33m,[39m error[33m,[39m [32m"Error placing order"[39m)[33m;[39m
     [90m 40 |[39m   }
     [90m 41 |[39m }[33m;[39m[0m

      at placeOrder (controllers/orderController.js:38:13)

FAIL tests/a_orderService.integration.test.js
  Order Service Integration Tests
    POST /api/order/place ΓÇö COD
      ├ù should place a COD order without calling Stripe (47 ms)
    POST /api/order/place ΓÇö Stripe
      ├ù should create a Stripe checkout session and return the session URL (9 ms)
      ├ù should apply BITE20 promo and create a Stripe coupon (9 ms)
    POST /api/order/place ΓÇö Auth guard
      ΓêÜ should reject order placement without an auth token (5 ms)

  ΓùÅ Order Service Integration Tests ΓÇ║ POST /api/order/place ΓÇö COD ΓÇ║ should place a COD order without calling 
Stripe

    expect(received).toBe(expected) // Object.is equality

    Expected: true
    Received: false

    [0m [90m 139 |[39m
     [90m 140 |[39m       expect(res[33m.[39mstatusCode)[33m.[39mtoBe([35m200[39m)[33m;[39m
    [31m[1m>[22m[39m[90m 141 |[39m       
expect(res[33m.[39mbody[33m.[39msuccess)[33m.[39mtoBe([36mtrue[39m)[33m;[39m
     [90m     |[39m                                [31m[1m^[22m[39m
     [90m 142 |[39m       expect(res[33m.[39mbody[33m.[39misCOD)[33m.[39mtoBe([36mtrue[39m)[33m;[39m
     [90m 143 |[39m       expect(mockStripeInstance[33m.[39mcheckout[33m.[39msessions[33m.[39mcreate)[33m.[39
mnot[33m.[39mtoHaveBeenCalled()[33m;[39m
     [90m 144 |[39m     })[33m;[39m[0m

      at Object.<anonymous> (tests/a_orderService.integration.test.js:141:32)

  ΓùÅ Order Service Integration Tests ΓÇ║ POST /api/order/place ΓÇö Stripe ΓÇ║ should create a Stripe checkout session 
and return the session URL

    expect(received).toBe(expected) // Object.is equality

    Expected: true
    Received: false

    [0m [90m 168 |[39m
     [90m 169 |[39m       expect(res[33m.[39mstatusCode)[33m.[39mtoBe([35m200[39m)[33m;[39m
    [31m[1m>[22m[39m[90m 170 |[39m       
expect(res[33m.[39mbody[33m.[39msuccess)[33m.[39mtoBe([36mtrue[39m)[33m;[39m
     [90m     |[39m                                [31m[1m^[22m[39m
     [90m 171 |[39m       expect(res[33m.[39mbody[33m.[39msession_url)[33m.[39mtoBe([32m"https://checkout.stri
pe.mock/session_id"[39m)[33m;[39m
     [90m 172 |[39m       expect(mockStripeInstance[33m.[39mcheckout[33m.[39msessions[33m.[39mcreate)[33m.[39
mtoHaveBeenCalledTimes([35m1[39m)[33m;[39m
     [90m 173 |[39m     })[33m;[39m[0m

      at Object.<anonymous> (tests/a_orderService.integration.test.js:170:32)

  ΓùÅ Order Service Integration Tests ΓÇ║ POST /api/order/place ΓÇö Stripe ΓÇ║ should apply BITE20 promo and create a 
Stripe coupon

    expect(received).toBe(expected) // Object.is equality

    Expected: true
    Received: false

    [0m [90m 189 |[39m         })[33m;[39m
     [90m 190 |[39m
    [31m[1m>[22m[39m[90m 191 |[39m       
expect(res[33m.[39mbody[33m.[39msuccess)[33m.[39mtoBe([36mtrue[39m)[33m;[39m
     [90m     |[39m                                [31m[1m^[22m[39m
     [90m 192 |[39m       expect(res[33m.[39mbody[33m.[39msession_url)[33m.[39mtoBeDefined()[33m;[39m
     [90m 193 |[39m       
expect(mockStripeInstance[33m.[39mcoupons[33m.[39mcreate)[33m.[39mtoHaveBeenCalledTimes([35m1[39m)[33m;[39m
     [90m 194 |[39m       
expect(mockStripeInstance[33m.[39mcoupons[33m.[39mcreate)[33m.[39mtoHaveBeenCalledWith([0m

      at Object.<anonymous> (tests/a_orderService.integration.test.js:191:32)

  console.log
    ΓÜí Socket.io initialized

      at initSocket (utils/socket.js:40:13)

(node:10800) ExperimentalWarning: VM Modules is an experimental feature and might change at any time
(Use `node --trace-warnings ...` to show where the warning was created)
  console.log
    ≡ƒÜÇ BiteBlitz server started on port: 0

      at Server.<anonymous> (server.js:59:11)

  console.log
    ≡ƒôª Database: InsForge PostgreSQL

      at Server.<anonymous> (server.js:60:11)

  console.log
    ΓÜí Socket.io initialized

      at initSocket (utils/socket.js:40:13)

  console.log
    ≡ƒôÜ API Docs: http://localhost:0/api-docs

      at Server.<anonymous> (server.js:61:11)

(node:11296) ExperimentalWarning: VM Modules is an experimental feature and might change at any time
(Use `node --trace-warnings ...` to show where the warning was created)
  console.log
    ≡ƒÜÇ BiteBlitz server started on port: 0

      at Server.<anonymous> (server.js:59:11)

  console.log
    ≡ƒôª Database: InsForge PostgreSQL

      at Server.<anonymous> (server.js:60:11)

  console.log
    ≡ƒôÜ API Docs: http://localhost:0/api-docs

      at Server.<anonymous> (server.js:61:11)

  console.error
    [foodController] Service error: insforge.database.from(...).insert(...).select(...).single is not a function

    [0m [90m 15 |[39m
     [90m 16 |[39m [36mconst[39m handleServiceError [33m=[39m (res[33m,[39m error) [33m=>[39m {
    [31m[1m>[22m[39m[90m 17 |[39m   console[33m.[39merror([32m"[foodController] Service error:"[39m[33m,[39m error[33m.[39mmessage)[33m;[39m
     [90m    |[39m           [31m[1m^[22m[39m
     [90m 18 |[39m   [36mconst[39m msg [33m=[39m [33mERROR_MESSAGES[39m[error[33m.[39mmessage] [33m||[39m error[33m.[39mmessage [33m||[39m [32m"An unexpected error occurred"[39m[33m;[39m
     [90m 19 |[39m   res[33m.[39mjson({ success[33m:[39m [36mfalse[39m[33m,[39m message[33m:[39m msg })[33m;[39m
     [90m 20 |[39m }[33m;[39m[0m

      at handleServiceError (controllers/foodController.js:17:11)
      at addFood (controllers/foodController.js:29:5)

  console.error
    [foodController] Service error: UNAUTHORIZED

    [0m [90m 15 |[39m
     [90m 16 |[39m [36mconst[39m handleServiceError [33m=[39m (res[33m,[39m error) [33m=>[39m {
    [31m[1m>[22m[39m[90m 17 |[39m   console[33m.[39merror([32m"[foodController] Service error:"[39m[33m,[39m error[33m.[39mmessage)[33m;[39m
     [90m    |[39m           [31m[1m^[22m[39m
     [90m 18 |[39m   [36mconst[39m msg [33m=[39m [33mERROR_MESSAGES[39m[error[33m.[39mmessage] [33m||[39m error[33m.[39mmessage [33m||[39m [32m"An unexpected error occurred"[39m[33m;[39m
     [90m 19 |[39m   res[33m.[39mjson({ success[33m:[39m [36mfalse[39m[33m,[39m message[33m:[39m msg })[33m;[39m
     [90m 20 |[39m }[33m;[39m[0m

      at handleServiceError (controllers/foodController.js:17:11)
      at addFood (controllers/foodController.js:29:5)

FAIL tests/foodService.integration.test.js
  Food Service Integration Tests
    POST /api/food/add
      ├ù should allow an admin to add a food item (30 ms)
      ΓêÜ should reject a non-admin user trying to add food (7 ms)
    GET /api/food/list
      ΓêÜ should return the food list publicly (no auth required) (3 ms)
    POST /api/food/remove
      ├ù should soft-delete a food item when called by an admin (1 ms)

  ΓùÅ Food Service Integration Tests ΓÇ║ POST /api/food/add ΓÇ║ should allow an admin to add a food item

    expect(received).toBe(expected) // Object.is equality

    Expected: true
    Received: false

    [0m [90m 75 |[39m
     [90m 76 |[39m       expect(res[33m.[39mstatusCode)[33m.[39mtoBe([35m200[39m)[33m;[39m
    [31m[1m>[22m[39m[90m 77 |[39m       
expect(res[33m.[39mbody[33m.[39msuccess)[33m.[39mtoBe([36mtrue[39m)[33m;[39m
     [90m    |[39m                                [31m[1m^[22m[39m
     [90m 78 |[39m       expect(res[33m.[39mbody[33m.[39mmessage)[33m.[39mtoBe([32m"Food 
Added"[39m)[33m;[39m
     [90m 79 |[39m       expect(res[33m.[39mbody[33m.[39mdata)[33m.[39mtoBeDefined()[33m;[39m
     [90m 80 |[39m       expect(res[33m.[39mbody[33m.[39mdata[33m.[39mname)[33m.[39mtoBe([32m"Test 
Pizza"[39m)[33m;[39m[0m

      at Object.<anonymous> (tests/foodService.integration.test.js:77:32)

  ΓùÅ Food Service Integration Tests ΓÇ║ POST /api/food/remove ΓÇ║ should soft-delete a food item when called by an 
admin

    expect(received).toBeTruthy()

    Received: ""

    [0m [90m 126 |[39m     it([32m"should soft-delete a food item when called by an admin"[39m[33m,[39m 
[36masync[39m () [33m=>[39m {
     [90m 127 |[39m       [90m// Ensure sampleFoodId was set in the "add" test above[39m
    [31m[1m>[22m[39m[90m 128 |[39m       expect(sampleFoodId)[33m.[39mtoBeTruthy()[33m;[39m
     [90m     |[39m                            [31m[1m^[22m[39m
     [90m 129 |[39m
     [90m 130 |[39m       [36mconst[39m res [33m=[39m [36mawait[39m request(app)
     [90m 131 |[39m         [33m.[39mpost([32m"/api/food/remove"[39m)[0m

      at Object.<anonymous> (tests/foodService.integration.test.js:128:28)

  console.error
    [userController] Unhandled service error: insforge.database.from(...).insert(...).select(...).single is not a function

    [0m [90m 32 |[39m   [90m// Always log the raw error so issues are diagnosable in server logs[39m
     [90m 33 |[39m   [36mif[39m ([33m![39m[33mERROR_MESSAGES[39m[error[33m.[39mmessage]) {
    [31m[1m>[22m[39m[90m 34 |[39m     console[33m.[39merror([32m"[userController] Unhandled service error:"[39m[33m,[39m error[33m.[39mmessage)[33m;[39m
     [90m    |[39m             [31m[1m^[22m[39m
     [90m 35 |[39m   }
     [90m 36 |[39m   [36mconst[39m msg [33m=[39m [33mERROR_MESSAGES[39m[error[33m.[39mmessage] [33m||[39m fallback[33m;[39m
     [90m 37 |[39m   res[33m.[39mjson({ success[33m:[39m [36mfalse[39m[33m,[39m message[33m:[39m msg })[33m;[39m[0m

      at handleServiceError (controllers/userController.js:34:13)
      at registerUser (controllers/userController.js:70:5)

  console.error
    [userController] Unhandled service error: insforge.database.from(...).insert(...).select(...).single is not a function

    [0m [90m 32 |[39m   [90m// Always log the raw error so issues are diagnosable in server logs[39m
     [90m 33 |[39m   [36mif[39m ([33m![39m[33mERROR_MESSAGES[39m[error[33m.[39mmessage]) {
    [31m[1m>[22m[39m[90m 34 |[39m     console[33m.[39merror([32m"[userController] Unhandled service error:"[39m[33m,[39m error[33m.[39mmessage)[33m;[39m
     [90m    |[39m             [31m[1m^[22m[39m
     [90m 35 |[39m   }
     [90m 36 |[39m   [36mconst[39m msg [33m=[39m [33mERROR_MESSAGES[39m[error[33m.[39mmessage] [33m||[39m fallback[33m;[39m
     [90m 37 |[39m   res[33m.[39mjson({ success[33m:[39m [36mfalse[39m[33m,[39m message[33m:[39m msg })[33m;[39m[0m

      at handleServiceError (controllers/userController.js:34:13)
      at registerUser (controllers/userController.js:70:5)

  console.error
    [userController] Unhandled service error: insforge.database.from(...).insert(...).select(...).single is not a function

    [0m [90m 32 |[39m   [90m// Always log the raw error so issues are diagnosable in server logs[39m
     [90m 33 |[39m   [36mif[39m ([33m![39m[33mERROR_MESSAGES[39m[error[33m.[39mmessage]) {
    [31m[1m>[22m[39m[90m 34 |[39m     console[33m.[39merror([32m"[userController] Unhandled service error:"[39m[33m,[39m error[33m.[39mmessage)[33m;[39m
     [90m    |[39m             [31m[1m^[22m[39m
     [90m 35 |[39m   }
     [90m 36 |[39m   [36mconst[39m msg [33m=[39m [33mERROR_MESSAGES[39m[error[33m.[39mmessage] [33m||[39m fallback[33m;[39m
     [90m 37 |[39m   res[33m.[39mjson({ success[33m:[39m [36mfalse[39m[33m,[39m message[33m:[39m msg })[33m;[39m[0m

      at handleServiceError (controllers/userController.js:34:13)
      at registerUser (controllers/userController.js:70:5)

  console.error
    [userController] Unhandled service error: insforge.database.from(...).insert(...).select(...).single is not a function

    [0m [90m 32 |[39m   [90m// Always log the raw error so issues are diagnosable in server logs[39m
     [90m 33 |[39m   [36mif[39m ([33m![39m[33mERROR_MESSAGES[39m[error[33m.[39mmessage]) {
    [31m[1m>[22m[39m[90m 34 |[39m     console[33m.[39merror([32m"[userController] Unhandled service error:"[39m[33m,[39m error[33m.[39mmessage)[33m;[39m
     [90m    |[39m             [31m[1m^[22m[39m
     [90m 35 |[39m   }
     [90m 36 |[39m   [36mconst[39m msg [33m=[39m [33mERROR_MESSAGES[39m[error[33m.[39mmessage] [33m||[39m fallback[33m;[39m
     [90m 37 |[39m   res[33m.[39mjson({ success[33m:[39m [36mfalse[39m[33m,[39m message[33m:[39m msg })[33m;[39m[0m

      at handleServiceError (controllers/userController.js:34:13)
      at registerUser (controllers/userController.js:70:5)

  console.error
    [userController] Unhandled service error: insforge.database.from(...).insert(...).select(...).single is not a function

    [0m [90m 32 |[39m   [90m// Always log the raw error so issues are diagnosable in server logs[39m
     [90m 33 |[39m   [36mif[39m ([33m![39m[33mERROR_MESSAGES[39m[error[33m.[39mmessage]) {
    [31m[1m>[22m[39m[90m 34 |[39m     console[33m.[39merror([32m"[userController] Unhandled service error:"[39m[33m,[39m error[33m.[39mmessage)[33m;[39m
     [90m    |[39m             [31m[1m^[22m[39m
     [90m 35 |[39m   }
     [90m 36 |[39m   [36mconst[39m msg [33m=[39m [33mERROR_MESSAGES[39m[error[33m.[39mmessage] [33m||[39m fallback[33m;[39m
     [90m 37 |[39m   res[33m.[39mjson({ success[33m:[39m [36mfalse[39m[33m,[39m message[33m:[39m msg })[33m;[39m[0m

      at handleServiceError (controllers/userController.js:34:13)
      at registerUser (controllers/userController.js:70:5)

  console.error
    [userController] Unhandled service error: insforge.database.from(...).insert(...).select(...).single is not a function

    [0m [90m 32 |[39m   [90m// Always log the raw error so issues are diagnosable in server logs[39m
     [90m 33 |[39m   [36mif[39m ([33m![39m[33mERROR_MESSAGES[39m[error[33m.[39mmessage]) {
    [31m[1m>[22m[39m[90m 34 |[39m     console[33m.[39merror([32m"[userController] Unhandled service error:"[39m[33m,[39m error[33m.[39mmessage)[33m;[39m
     [90m    |[39m             [31m[1m^[22m[39m
     [90m 35 |[39m   }
     [90m 36 |[39m   [36mconst[39m msg [33m=[39m [33mERROR_MESSAGES[39m[error[33m.[39mmessage] [33m||[39m fallback[33m;[39m
     [90m 37 |[39m   res[33m.[39mjson({ success[33m:[39m [36mfalse[39m[33m,[39m message[33m:[39m msg })[33m;[39m[0m

      at handleServiceError (controllers/userController.js:34:13)
      at registerUser (controllers/userController.js:70:5)

  console.error
    [userController] Unhandled service error: insforge.database.from(...).insert(...).select(...).single is not a function

    [0m [90m 32 |[39m   [90m// Always log the raw error so issues are diagnosable in server logs[39m
     [90m 33 |[39m   [36mif[39m ([33m![39m[33mERROR_MESSAGES[39m[error[33m.[39mmessage]) {
    [31m[1m>[22m[39m[90m 34 |[39m     console[33m.[39merror([32m"[userController] Unhandled service error:"[39m[33m,[39m error[33m.[39mmessage)[33m;[39m
     [90m    |[39m             [31m[1m^[22m[39m
     [90m 35 |[39m   }
     [90m 36 |[39m   [36mconst[39m msg [33m=[39m [33mERROR_MESSAGES[39m[error[33m.[39mmessage] [33m||[39m fallback[33m;[39m
     [90m 37 |[39m   res[33m.[39mjson({ success[33m:[39m [36mfalse[39m[33m,[39m message[33m:[39m msg })[33m;[39m[0m

      at handleServiceError (controllers/userController.js:34:13)
      at registerUser (controllers/userController.js:70:5)

FAIL tests/userService.integration.test.js
  User Service Integration Tests
    User Registration: POST /api/user/register
      ├ù should successfully register a new user and return JWT tokens (91 ms)
      ΓêÜ should fail registration with invalid email format (5 ms)
      ΓêÜ should fail registration with a password shorter than 8 characters (4 ms)
      ├ù should reject duplicate email registration (118 ms)
    User Login: POST /api/user/login
      ├ù should return tokens directly when SMTP is not configured (2FA bypass) (58 ms)
      ├ù should reject login with a wrong password (59 ms)
      ΓêÜ should reject login for a non-existent email (60 ms)
    Token Rotation: POST /api/user/refresh-token
      ├ù should issue a new access token from a valid refresh token (57 ms)
      ΓêÜ should reject an invalid or tampered refresh token (3 ms)

  ΓùÅ User Service Integration Tests ΓÇ║ User Registration: POST /api/user/register ΓÇ║ should successfully register a 
new user and return JWT tokens

    expect(received).toBe(expected) // Object.is equality

    Expected: true
    Received: false

    [0m [90m 34 |[39m
     [90m 35 |[39m       expect(res[33m.[39mstatusCode)[33m.[39mtoBe([35m200[39m)[33m;[39m
    [31m[1m>[22m[39m[90m 36 |[39m       
expect(res[33m.[39mbody[33m.[39msuccess)[33m.[39mtoBe([36mtrue[39m)[33m;[39m
     [90m    |[39m                                [31m[1m^[22m[39m
     [90m 37 |[39m       expect(res[33m.[39mbody[33m.[39mtoken)[33m.[39mtoBeDefined()[33m;[39m
     [90m 38 |[39m       expect(res[33m.[39mbody[33m.[39mrefreshToken)[33m.[39mtoBeDefined()[33m;[39m
     [90m 39 |[39m       expect(res[33m.[39mbody[33m.[39mname)[33m.[39mtoBe([32m"QA Automation 
Tester"[39m)[33m;[39m[0m

      at Object.<anonymous> (tests/userService.integration.test.js:36:32)

  ΓùÅ User Service Integration Tests ΓÇ║ User Registration: POST /api/user/register ΓÇ║ should reject duplicate email 
registration

    expect(received).toMatch(expected)

    Expected pattern: /already exists/i
    Received string:  "Registration error"

    [0m [90m 70 |[39m       [36mconst[39m res [33m=[39m [36mawait[39m 
request(app)[33m.[39mpost([32m"/api/user/register"[39m)[33m.[39msend(payload)[33m;[39m
     [90m 71 |[39m       expect(res[33m.[39mbody[33m.[39msuccess)[33m.[39mtoBe([36mfalse[39m)[33m;[39m
    [31m[1m>[22m[39m[90m 72 |[39m       
expect(res[33m.[39mbody[33m.[39mmessage)[33m.[39mtoMatch([35m/already exists/i[39m)[33m;[39m
     [90m    |[39m                                [31m[1m^[22m[39m
     [90m 73 |[39m     })[33m;[39m
     [90m 74 |[39m   })[33m;[39m
     [90m 75 |[39m[0m

      at Object.<anonymous> (tests/userService.integration.test.js:72:32)

  ΓùÅ User Service Integration Tests ΓÇ║ User Login: POST /api/user/login ΓÇ║ should return tokens directly when SMTP 
is not configured (2FA bypass)

    expect(received).toBe(expected) // Object.is equality

    Expected: true
    Received: false

    [0m [90m 93 |[39m
     [90m 94 |[39m       expect(res[33m.[39mstatusCode)[33m.[39mtoBe([35m200[39m)[33m;[39m
    [31m[1m>[22m[39m[90m 95 |[39m       
expect(res[33m.[39mbody[33m.[39msuccess)[33m.[39mtoBe([36mtrue[39m)[33m;[39m
     [90m    |[39m                                [31m[1m^[22m[39m
     [90m 96 |[39m       [90m// Either 2FA bypass (token present) or requires2FA true ΓÇö both are valid[39m
     [90m 97 |[39m       [36mconst[39m hasToken     [33m=[39m 
[33m![39m[33m![39mres[33m.[39mbody[33m.[39mtoken[33m;[39m
     [90m 98 |[39m       [36mconst[39m has2FA       [33m=[39m res[33m.[39mbody[33m.[39mrequires2FA 
[33m===[39m [36mtrue[39m[33m;[39m[0m

      at Object.<anonymous> (tests/userService.integration.test.js:95:32)

  ΓùÅ User Service Integration Tests ΓÇ║ User Login: POST /api/user/login ΓÇ║ should reject login with a wrong password

    expect(received).toMatch(expected)

    Expected pattern: /invalid credentials/i
    Received string:  "User doesn't exist"

    [0m [90m 108 |[39m       expect(res[33m.[39mstatusCode)[33m.[39mtoBe([35m200[39m)[33m;[39m
     [90m 109 |[39m       expect(res[33m.[39mbody[33m.[39msuccess)[33m.[39mtoBe([36mfalse[39m)[33m;[39m
    [31m[1m>[22m[39m[90m 110 |[39m       
expect(res[33m.[39mbody[33m.[39mmessage)[33m.[39mtoMatch([35m/invalid credentials/i[39m)[33m;[39m
     [90m     |[39m                                [31m[1m^[22m[39m
     [90m 111 |[39m     })[33m;[39m
     [90m 112 |[39m
     [90m 113 |[39m     it([32m"should reject login for a non-existent email"[39m[33m,[39m [36masync[39m () 
[33m=>[39m {[0m

      at Object.<anonymous> (tests/userService.integration.test.js:110:32)

  ΓùÅ User Service Integration Tests ΓÇ║ Token Rotation: POST /api/user/refresh-token ΓÇ║ should issue a new access 
token from a valid refresh token

    expect(received).toBeDefined()

    Received: undefined

    [0m [90m 132 |[39m       })[33m;[39m
     [90m 133 |[39m       [36mconst[39m refreshToken [33m=[39m 
reg[33m.[39mbody[33m.[39mrefreshToken[33m;[39m
    [31m[1m>[22m[39m[90m 134 |[39m       expect(refreshToken)[33m.[39mtoBeDefined()[33m;[39m
     [90m     |[39m                            [31m[1m^[22m[39m
     [90m 135 |[39m
     [90m 136 |[39m       [36mconst[39m res [33m=[39m [36mawait[39m request(app)
     [90m 137 |[39m         [33m.[39mpost([32m"/api/user/refresh-token"[39m)[0m

      at Object.<anonymous> (tests/userService.integration.test.js:134:28)

A worker process has failed to exit gracefully and has been force exited. This is likely caused by tests leaking due 
to improper teardown. Try running with --detectOpenHandles to find leaks. Active timers can also cause this, ensure 
that .unref() was called on them.
Test Suites: 3 failed, 2 passed, 5 total
Tests:       10 failed, 14 passed, 24 total
Snapshots:   0 total
Time:        2.289 s
Ran all test suites.
